[backblue.gif]
[fade.gif]
[index.html]
[localhost/adamportfoliolikhawan/feed/index.html]
[localhost/adamportfoliolikhawan/comments/feed/index.html]
[localhost/adamportfoliolikhawan/wp-includes/js/jquery/jquery.mina7a0.js]
[localhost/adamportfoliolikhawan/wp-includes/js/jquery/jquery-migrate.mind617.js]
[localhost/adamportfoliolikhawan/wp-json/index.html]
[localhost/adamportfoliolikhawan/wp-json/wp/v2/pages/64.json]
[localhost/adamportfoliolikhawan/xmlrpc0db0.php]
[localhost/adamportfoliolikhawan/wp-includes/wlwmanifest.xml]
[localhost/adamportfoliolikhawan/wp-json/oembed/1.0/embed9b9d.json]
[localhost/adamportfoliolikhawan/wp-json/oembed/1.0/embed5edf]
[localhost/adamportfoliolikhawan/wp-content/uploads/2023/03/Capture-1.png]
[localhost/adamportfoliolikhawan/wp-content/uploads/2023/03/cv-danish.pdf]
[localhost/adamportfoliolikhawan/wp-content/uploads/2023/02/poster-danish.png]
[localhost/adamportfoliolikhawan/wp-content/uploads/2023/02/poster-dakwah-danish-11.png]
[localhost/adamportfoliolikhawan/wp-content/uploads/2023/02/poster-buli.png]
[localhost/adamportfoliolikhawan/wp-content/uploads/2023/02/poster-pulang.png]
[localhost/adamportfoliolikhawan/wp-content/plugins/contact-form-7/includes/swv/js/index76f3.js]
[localhost/adamportfoliolikhawan/wp-content/plugins/contact-form-7/includes/js/index76f3.js]
[localhost/adamportfoliolikhawan/wp-content/themes/hello-elementor/assets/js/hello-frontend.min8a54.js]
[localhost/adamportfoliolikhawan/wp-content/plugins/elementor-pro/assets/lib/smartmenus/jquery.smartmenus.minf269.js]
[localhost/adamportfoliolikhawan/wp-content/plugins/elementor/assets/lib/jquery-numerator/jquery-numerator.min3958.js]
[localhost/adamportfoliolikhawan/wp-content/plugins/jetsticky-for-elementor/assets/js/lib/ResizeSensor.min7d4c.js]
[localhost/adamportfoliolikhawan/wp-content/plugins/jetsticky-for-elementor/assets/js/lib/sticky-sidebar/sticky-sidebar.min3d36.js]
[localhost/adamportfoliolikhawan/wp-content/plugins/jetsticky-for-elementor/assets/js/lib/jsticky/jquery.jstickyf488.js]
[localhost/adamportfoliolikhawan/wp-content/plugins/elementor-pro/assets/js/webpack-pro.runtime.min2e46.js]
[localhost/adamportfoliolikhawan/wp-content/plugins/elementor/assets/js/webpack.runtime.mina3be.js]
[localhost/adamportfoliolikhawan/wp-content/plugins/elementor/assets/js/frontend-modules.mina3be.js]
[localhost/adamportfoliolikhawan/wp-includes/js/dist/vendor/regenerator-runtime.min3937.js]
[localhost/adamportfoliolikhawan/wp-includes/js/dist/vendor/wp-polyfill.min2c7c.js]
[localhost/adamportfoliolikhawan/wp-includes/js/dist/hooks.min6c65.js]
[localhost/adamportfoliolikhawan/wp-includes/js/dist/i18n.mine57b.js]
[localhost/adamportfoliolikhawan/wp-content/plugins/elementor-pro/assets/js/frontend.min2e46.js]
[localhost/adamportfoliolikhawan/wp-content/plugins/elementor/assets/lib/waypoints/waypoints.min05da.js]
[localhost/adamportfoliolikhawan/wp-includes/js/jquery/ui/core.min3f14.js]
[localhost/adamportfoliolikhawan/wp-content/plugins/elementor/assets/js/frontend.mina3be.js]
[localhost/adamportfoliolikhawan/wp-content/plugins/elementor-pro/assets/js/elements-handlers.min2e46.js]
[localhost/adamportfoliolikhawan/wp-content/plugins/jetsticky-for-elementor/assets/js/jet-sticky-frontend4bf4.js]
[localhost/adamportfoliolikhawan/index.html]
[localhost/adamportfoliolikhawan/wp-includes/css/dist/block-library/style.min6a4d.css]
[localhost/adamportfoliolikhawan/wp-includes/css/classic-themes.min68b3.css]
[localhost/adamportfoliolikhawan/wp-content/plugins/awesome-contact-form7-for-elementor/assets/css/style6a4d.css]
[localhost/adamportfoliolikhawan/wp-content/plugins/contact-form-7/includes/css/styles76f3.css]
[localhost/adamportfoliolikhawan/wp-content/plugins/header-footer-elementor/assets/css/header-footer-elementor1f62.css]
[localhost/adamportfoliolikhawan/wp-content/plugins/elementor/assets/lib/eicons/fonts/eiconsd6bb.eot]
[localhost/adamportfoliolikhawan/wp-content/plugins/elementor/assets/lib/eicons/fonts/eiconsd6bb.woff2]
[localhost/adamportfoliolikhawan/wp-content/plugins/elementor/assets/lib/eicons/fonts/eiconsd6bb.woff]
[localhost/adamportfoliolikhawan/wp-content/plugins/elementor/assets/lib/eicons/fonts/eiconsd6bb.ttf]
[localhost/adamportfoliolikhawan/wp-content/plugins/elementor/assets/lib/eicons/css/elementor-icons.min3b94.css]
[localhost/adamportfoliolikhawan/wp-content/plugins/elementor/assets/css/frontend-lite.mina3be.css]
[localhost/adamportfoliolikhawan/wp-content/plugins/elementor/assets/lib/swiper/css/swiper.min48f5.css]
[localhost/adamportfoliolikhawan/wp-content/uploads/elementor/css/post-28210c.css]
[localhost/adamportfoliolikhawan/wp-content/plugins/elementor-pro/assets/css/frontend-lite.min2e46.css]
[localhost/adamportfoliolikhawan/wp-content/plugins/image-hover-effects-addon-for-elementor/assets/style.min52d0.css]
[localhost/adamportfoliolikhawan/wp-content/plugins/jetsticky-for-elementor/assets/css/jet-sticky-frontend4bf4.css]
[localhost/adamportfoliolikhawan/wp-content/uploads/2023/01/tilted-2.png]
[localhost/adamportfoliolikhawan/wp-content/uploads/2023/01/line-4.png]
[localhost/adamportfoliolikhawan/wp-content/uploads/2023/02/tilted-1.png]
[localhost/adamportfoliolikhawan/wp-content/uploads/elementor/css/post-64296e.css]
[localhost/adamportfoliolikhawan/wp-content/plugins/header-footer-elementor/inc/widgets-css/frontend1f62.css]
[localhost/adamportfoliolikhawan/wp-content/themes/hello-elementor/style.minc141.css]
[localhost/adamportfoliolikhawan/wp-content/themes/hello-elementor/theme.minc141.css]
[localhost/adamportfoliolikhawan/wp-content/uploads/elementor/css/post-32296e.css]
[localhost/adamportfoliolikhawan/wp-content/uploads/elementor/css/post-42296e.css]
[localhost/adamportfoliolikhawan/wp-content/plugins/elementor/assets/lib/font-awesome/css/fontawesome.min52d5.css]
[localhost/adamportfoliolikhawan/wp-content/plugins/elementor/assets/lib/font-awesome/webfonts/fa-brands-400.eot]
[localhost/adamportfoliolikhawan/wp-content/plugins/elementor/assets/lib/font-awesome/webfonts/fa-brands-400d41d.eot]
[localhost/adamportfoliolikhawan/wp-content/plugins/elementor/assets/lib/font-awesome/webfonts/fa-brands-400.woff2]
[localhost/adamportfoliolikhawan/wp-content/plugins/elementor/assets/lib/font-awesome/webfonts/fa-brands-400.woff]
[localhost/adamportfoliolikhawan/wp-content/plugins/elementor/assets/lib/font-awesome/webfonts/fa-brands-400.ttf]
[localhost/adamportfoliolikhawan/wp-content/plugins/elementor/assets/lib/font-awesome/css/brands.min52d5.css]
[localhost/adamportfoliolikhawan/wp-content/plugins/elementor/assets/lib/font-awesome/webfonts/fa-solid-900.eot]
[localhost/adamportfoliolikhawan/wp-content/plugins/elementor/assets/lib/font-awesome/webfonts/fa-solid-900d41d.eot]
[localhost/adamportfoliolikhawan/wp-content/plugins/elementor/assets/lib/font-awesome/webfonts/fa-solid-900.woff2]
[localhost/adamportfoliolikhawan/wp-content/plugins/elementor/assets/lib/font-awesome/webfonts/fa-solid-900.woff]
[localhost/adamportfoliolikhawan/wp-content/plugins/elementor/assets/lib/font-awesome/webfonts/fa-solid-900.ttf]
[localhost/adamportfoliolikhawan/wp-content/plugins/elementor/assets/lib/font-awesome/css/solid.min52d5.css]
[localhost/adamportfoliolikhawan/wp-content/plugins/elementor-pro/assets/css/widget-nav-menu.min.css]
[localhost/adamportfoliolikhawan/wp-content/uploads/2023/02/poster-danish.png]
[localhost/adamportfoliolikhawan/wp-content/uploads/2023/02/poster-dakwah-danish-11.png]
[localhost/adamportfoliolikhawan/wp-content/uploads/2023/02/poster-buli.png]
[localhost/adamportfoliolikhawan/wp-content/uploads/2023/02/poster-pulang.png]
[localhost/adamportfoliolikhawan/wp-content/plugins/elementor/assets/lib/animations/animations.mina3be.css]
[localhost/adamportfoliolikhawan/wp-content/plugins/elementor/assets/lib/eicons/fonts/eiconsd6bb.svg]
[localhost/adamportfoliolikhawan/wp-content/plugins/elementor/assets/lib/font-awesome/webfonts/fa-brands-400.svg]
[localhost/adamportfoliolikhawan/wp-content/plugins/elementor/assets/lib/font-awesome/webfonts/fa-solid-900.svg]
[localhost/adamportfoliolikhawan/wp-content/uploads/2023/02/poster-danish.png]
[localhost/adamportfoliolikhawan/wp-content/uploads/2023/02/poster-dakwah-danish-11.png]
[localhost/adamportfoliolikhawan/wp-content/uploads/2023/02/poster-buli.png]
[localhost/adamportfoliolikhawan/wp-content/uploads/2023/02/poster-pulang.png]
